// Jest Snapshot v1, https://goo.gl/fbAQLP

exports[`<ButtonWithModal /> renders 1`] = `
"<Fragment>
  <Button className=\\"button\\" onClick={[Function: showModal]} nonUppercase={false} variant=\\"primary\\">
    Foo bar
  </Button>
  <Modal size=\\"medium\\" show={false} onHide={[Function: hideModal]} relative={false} transition={{...}}>
    <Modal.Header closeButton={true}>
      <ModalTitle uText650 uTextCenter>
        Foo bar
      </ModalTitle uText650 uTextCenter>
    </Modal.Header>
    <ModalBody uPaddingHorizontalMedium uBackgroundWhite uPaddingTopSmall uPaddingBottomMedium>
      <p>
        Bar baz
      </p>
    </ModalBody uPaddingHorizontalMedium uBackgroundWhite uPaddingTopSmall uPaddingBottomMedium>
    <ModalFooter uBackgroundLightest uPaddingMedium uFlex uAlignItemsCenter uJustifyContentEnd className=\\"u-flex\\">
      <Button variant=\\"secondary\\" className=\\"cancel\\" onClick={[Function: hideModal]} nonUppercase={false}>
        Cancel
      </Button>
      <Button variant=\\"primary\\" className=\\"confirm\\" onClick={[Function: confirmAndClose]} nonUppercase={false}>
        Foo bar
      </Button>
    </ModalFooter uBackgroundLightest uPaddingMedium uFlex uAlignItemsCenter uJustifyContentEnd>
  </Modal>
</Fragment>"
`;
