// Jest Snapshot v1, https://goo.gl/fbAQLP

exports[`<ExpertRanking /> renders 1`] = `
"<div className=\\"expert-ranking u-backgroundWhite u-roundedLarge u-paddingTiny u-paddingHorizontalExtraSmall u-text100 u-textUppercase u-textPrimaryDark\\">
  Your ranking
  <div className=\\"stat u-text600 u-textCenter\\">
    0
  </div>
</div>"
`;
