// Jest Snapshot v1, https://goo.gl/fbAQLP

exports[`<EndSessionButton /> renders 1`] = `"<ButtonWithModal buttonProps={{...}} buttonAction=\\"End session\\" modalBody=\\"Are you sure you want to end this session? This action cannot be undone.\\" onConfirm={[Function: onConfirm]} modalSize=\\"small\\" />"`;
