// Jest Snapshot v1, https://goo.gl/fbAQLP

exports[`<ExplanationEditors /> renders 1`] = `
"<div className=\\"explanation-editors u-paddingRightSmall\\">
  <h5>
    Theory or Concept
  </h5>
  <TinyEditor id=\\"concept-editor\\" onChange={[Function: onChange]} />
  <h5 className=\\"u-marginTopLarge\\">
    Step By Step Instructions
  </h5>
  <TinyEditor id=\\"instructions-editor\\" onChange={[Function: onChange]} />
  <h5 className=\\"u-marginTopLarge\\">
    Final Answer
  </h5>
  <TinyEditor id=\\"answer-editor\\" onChange={[Function: onChange]} />
</div>"
`;
