// Jest Snapshot v1, https://goo.gl/fbAQLP

exports[`<FlagSessionButton /> renders 1`] = `"<ButtonWithModal buttonProps={{...}} buttonAction=\\"Flag session\\" modalBody=\\"You are flagging this chat session as inappropriate. Your student will be notified and this session will be terminated! Do you want to continue?\\" onConfirm={[Function: onConfirm]} modalSize=\\"small\\" modalTitle=\\"\\" confirmButtonText=\\"\\" />"`;
